USER:
  - ID: "regex:\\d+"
    UUID: "regex:.+"
    NAME: "User Name"
    CREATED: "regex:.+"
    MODIFIED: "regex:.+"